
[1m[7m[36m RUN [39m[27m[22m [36mv2.1.9 [39m[90mC:/Users/Robert/fortress-app/backend[39m

 [32mÔ£ô[39m test/kernel.spec.ts[2m > [22mKernel 4C - Behavioral Core[2m > [22mRelevance & Validation[2m > [22mshould block low relevance events
 [32mÔ£ô[39m test/kernel.spec.ts[2m > [22mKernel 4C - Behavioral Core[2m > [22mRelevance & Validation[2m > [22mshould block low confidence events
 [31m├ù[39m test/kernel.spec.ts[2m > [22mKernel 4C - Behavioral Core[2m > [22mCooldown Logic (Section 7.1)[2m > [22mshould allow if last similar was long ago
[31m   ÔåÆ expected false to be true // Object.is equality[39m
 [32mÔ£ô[39m test/kernel.spec.ts[2m > [22mKernel 4C - Behavioral Core[2m > [22mCooldown Logic (Section 7.1)[2m > [22mshould block if last similar was recent (Insight Similar)
 [31m├ù[39m test/kernel.spec.ts[2m > [22mKernel 4C - Behavioral Core[2m > [22mCooldown Logic (Section 7.1)[2m > [22mshould respect different cooldowns for topics
[31m   ÔåÆ expected 'low_relevance' to be 'cooldown' // Object.is equality[39m
 [31m├ù[39m test/kernel.spec.ts[2m > [22mKernel 4C - Behavioral Core[2m > [22mReinforcement Logic (Section 8)[2m > [22mshould allow reinforcement for positive saving behavior
[31m   ÔåÆ expected false to be true // Object.is equality[39m
 [32mÔ£ô[39m test/kernel.spec.ts[2m > [22mKernel 4C - Behavioral Core[2m > [22mReinforcement Logic (Section 8)[2m > [22mshould NOT allow reinforcement for Sentinel (sensitivity 1)
 [32mÔ£ô[39m test/kernel.spec.ts[2m > [22mKernel 4C - Behavioral Core[2m > [22mReinforcement Logic (Section 8)[2m > [22mshould NOT allow reinforcement for extreme relevance (>85)
 [31m├ù[39m test/kernel.spec.ts[2m > [22mKernel 4C - Behavioral Core[2m > [22mQuota Checks[2m > [22mshould block if quota exceeded
[31m   ÔåÆ expected 'low_relevance' to be 'quota_exceeded' // Object.is equality[39m

[2m Test Files [22m [1m[31m1 failed[39m[22m[90m (1)[39m
[2m      Tests [22m [1m[31m4 failed[39m[22m[2m | [22m[1m[32m5 passed[39m[22m[90m (9)[39m
[2m   Start at [22m 15:58:31
[2m   Duration [22m 723ms[2m (transform 90ms, setup 0ms, collect 122ms, tests 22ms, environment 0ms, prepare 194ms)[22m

