
[1m[7m[36m RUN [39m[27m[22m [36mv2.1.9 [39m[90mC:/Users/Robert/fortress-app/backend[39m

[90mstdout[2m | test/e2e-journey.spec.ts[2m > [22m[2mFortress v7.24 Enterprise - Standard User Journey[2m > [22m[2mJornada 1: Cadastro e Primeira Compra (Suavidade e Leitura)
[22m[39m[CONSOLE] Observamos uma movimenta├º├úo em Mercado. Isso faz parte do seu fluxo recente. Estamos acompanhando.
J1: Insight Gerado -> Observamos uma movimenta├º├úo em Mercado. Isso faz parte do seu fluxo recente. Estamos acompanhando.

 [31m├ù[39m test/e2e-journey.spec.ts[2m > [22mFortress v7.24 Enterprise - Standard User Journey[2m > [22mJornada 1: Cadastro e Primeira Compra (Suavidade e Leitura)[33m 3038[2mms[22m[39m
[31m   ÔåÆ expected 'A' to be 'LEITURA' // Object.is equality[39m
[90mstdout[2m | test/e2e-journey.spec.ts[2m > [22m[2mFortress v7.24 Enterprise - Standard User Journey[2m > [22m[2mJornada 2: Detec├º├úo de Conflito de Meta (Conflict Engine)
[22m[39m[PUSH] Observamos uma movimenta├º├úo em Eletronicos. Isso faz parte do seu fluxo recente. Estamos acompanhando. ÔÜá´©Å Aten├º├úo: Impacta 30% do buffer de 'Viagem 2024'.
J2: Conflito Detectado -> Observamos uma movimenta├º├úo em Eletronicos. Isso faz parte do seu fluxo recente. Estamos acompanhando. ÔÜá´©Å Aten├º├úo: Impacta 30% do buffer de 'Viagem 2024'.

 [32mÔ£ô[39m test/e2e-journey.spec.ts[2m > [22mFortress v7.24 Enterprise - Standard User Journey[2m > [22mJornada 2: Detec├º├úo de Conflito de Meta (Conflict Engine)[33m 424[2mms[22m[39m
[90mstdout[2m | test/e2e-journey.spec.ts[2m > [22m[2mFortress v7.24 Enterprise - Standard User Journey[2m > [22m[2mJornada 3: Auditoria de Persona C - Impulsividade (N├¡vel 3)
[22m[39m[CONSOLE] Seu m├¬s segue est├ível. Esse padr├úo tem sido consistente nos ├║ltimos dias. ├ôtimo sinal de controle. ├ôtimo sinal de consist├¬ncia.
J3: Persona Auditor (L3) -> Integration Flow
J3: Suavidade Ajustada -> [33m3[39m

 [32mÔ£ô[39m test/e2e-journey.spec.ts[2m > [22mFortress v7.24 Enterprise - Standard User Journey[2m > [22mJornada 3: Auditoria de Persona C - Impulsividade (N├¡vel 3)[33m 423[2mms[22m[39m

node.exe : [31mÔÄ»ÔÄ
»ÔÄ»ÔÄ»ÔÄ»ÔÄ»ÔÄ»[1m
[7m Failed Tests 1 [
27m[22mÔÄ»ÔÄ»ÔÄ»ÔÄ»Ô
Ä»ÔÄ»ÔÄ»[39m
No C:\Program Files\n
odejs\npx.ps1:29 
caractere:3
+   & $NODE_EXE 
$NPX_CLI_JS $args
+   ~~~~~~~~~~~~~~~~~
~~~~~~~~~~~~
    + CategoryInfo   
           : NotSpe  
  cified: ([31mÔÄ   
 »ÔÄ»ÔÄ»Ô...»ÔÄ»Ô    
Ä»ÔÄ»[39m:Strin    
g) [], RemoteExc    
eption
    + FullyQualified 
   ErrorId : Native  
  CommandError
 

[31m[1m[7m FAIL 
[27m[22m[39m test/
e2e-journey.spec.ts[
2m > [22mFortress 
v7.24 Enterprise - 
Standard User 
Journey[2m > 
[22mJornada 1: 
Cadastro e Primeira 
Compra (Suavidade e 
Leitura)
[31m[1mAssertionErr
or[22m: expected 
'A' to be 'LEITURA' 
// Object.is 
equality[39m

Expected: [32m"[7mL
EITUR[27mA"[39m
Received: 
[31m"A"[39m

[36m [2mÔØ»[22m te
st/e2e-journey.spec.t
s:[2m20:45[22m[39m
    [90m 18| [39m  
      console[33m.[
39m[34mlog[39m([32
m"J1: Insight Gerado 
->"[39m[33m,[39m r
esult[33m.[39mdata
[33m.[39minsight[33
m.[39minterÔÇª
    [90m 19| [39m  
      [34mexpect[39
m(result[33m.[39msu
ccess)[33m.[39m[34
mtoBe[39m([35mtrue
[39m)[33m;[39m
    [90m 20| [39m  
      [34mexpect[39
m(result[33m.[39mda
ta[33m.[39minsight
[33m.[39mfamilia)[3
3m.[39m[34mtoBe[39
m([32m"LEITURA"[39m
)[33m;[39m
    [90m   | [39m  
                     
                     
[31m^[39m
    [90m 21| [39m  
      [34mexpect[39
m(result[33m.[39mda
ta[33m.[39mdecision
[33m.[39msuavidade)
[33m.[39m[34mtoBe
[39m([34m2[39m)[33
m;[39m [90m// 
Disciplinad[39mÔÇª
    [90m 22| [39m  
  })[33m;[39m

[31m[2mÔÄ»ÔÄ»ÔÄ»ÔÄ»
ÔÄ»ÔÄ»ÔÄ»ÔÄ»ÔÄ»ÔÄ»ÔÄ»
ÔÄ»ÔÄ»ÔÄ»ÔÄ»ÔÄ»ÔÄ»ÔÄ»
ÔÄ»ÔÄ»ÔÄ»ÔÄ»ÔÄ»ÔÄ»[1/
1]ÔÄ»[22m[39m

[2m Test Files [22m [1m[31m1 failed[39m[22m[90m (1)[39m
[2m      Tests [22m [1m[31m1 failed[39m[22m[2m | [22m[1m[32m2 passed[39m[22m[90m (3)[39m
[2m   Start at [22m 17:46:56
[2m   Duration [22m 4.95s[2m (transform 167ms, setup 0ms, collect 367ms, tests 3.89s, environment 0ms, prepare 172ms)[22m

